	Command being timed: "timeout --signal=TERM --kill-after=5s 120s bash run_payload.sh"
	User time (seconds): 1.18
	System time (seconds): 1.89
	Percent of CPU this job got: 8%
	Elapsed (wall clock) time (h:mm:ss or m:ss): 0:37.79
	Average shared text size (kbytes): 0
	Average unshared data size (kbytes): 0
	Average stack size (kbytes): 0
	Average total size (kbytes): 0
	Maximum resident set size (kbytes): 35092
	Average resident set size (kbytes): 0
	Major (requiring I/O) page faults: 676
	Minor (reclaiming a frame) page faults: 23971
	Voluntary context switches: 145482
	Involuntary context switches: 908
	Swaps: 0
	File system inputs: 211412
	File system outputs: 92711
	Socket messages sent: 0
	Socket messages received: 0
	Signals delivered: 0
	Page size (bytes): 4096
	Exit status: 0
