	Command being timed: "timeout --foreground -k 5s 60s /home/igorno/miniconda3/envs/truvari_env/bin/python -m pytest -q -p no:cacheprovider --basetemp /scratch/igorno-alignssl_restart_20260922/caller-projection-diagnosis-20261009-01/control_fixtures tests/test_diagnose_caller_projection.py tests/test_caller_projection_serialization_diagnostic.py"
	User time (seconds): 0.31
	System time (seconds): 0.23
	Percent of CPU this job got: 48%
	Elapsed (wall clock) time (h:mm:ss or m:ss): 0:01.13
	Average shared text size (kbytes): 0
	Average unshared data size (kbytes): 0
	Average stack size (kbytes): 0
	Average total size (kbytes): 0
	Maximum resident set size (kbytes): 42416
	Average resident set size (kbytes): 0
	Major (requiring I/O) page faults: 315
	Minor (reclaiming a frame) page faults: 6358
	Voluntary context switches: 16550
	Involuntary context switches: 361
	Swaps: 0
	File system inputs: 8245
	File system outputs: 104
	Socket messages sent: 0
	Socket messages received: 0
	Signals delivered: 0
	Page size (bytes): 4096
	Exit status: 0
