	Command being timed: "timeout --foreground -k 5s 180s /home/igorno/miniconda3/envs/truvari_env/bin/python analysis/diagnose_caller_projection.py --root /scratch/igorno-alignssl_restart_20260922/released-caller-preparation-20261008-throughput01 --report /scratch/igorno-alignssl_restart_20260922/caller-projection-diagnosis-20261009-01/diagnosis.json"
	User time (seconds): 12.51
	System time (seconds): 0.18
	Percent of CPU this job got: 97%
	Elapsed (wall clock) time (h:mm:ss or m:ss): 0:13.02
	Average shared text size (kbytes): 0
	Average unshared data size (kbytes): 0
	Average stack size (kbytes): 0
	Average total size (kbytes): 0
	Maximum resident set size (kbytes): 35284
	Average resident set size (kbytes): 0
	Major (requiring I/O) page faults: 283
	Minor (reclaiming a frame) page faults: 7274
	Voluntary context switches: 6689
	Involuntary context switches: 364
	Swaps: 0
	File system inputs: 548274
	File system outputs: 2
	Socket messages sent: 0
	Socket messages received: 0
	Signals delivered: 0
	Page size (bytes): 4096
	Exit status: 0
