	Command being timed: "timeout -k 5s 120s /home/igorno/miniconda3/envs/truvari_env/bin/python diagnose_released_truth_metadata.py --truth-path /scratch/igorno-alignssl_restart_20260922/svpg_truth_prepare_20261007_02/prepared/eligible_truth.vcf --protocol-path metadata_census_protocol_v2.json --protocol-sha256 b1f619bccc1d6728048da6165a5c872d0f4d6e38c2b4b5fd43dd42134acdf0d4 --report-path metadata_census.json"
	User time (seconds): 0.94
	System time (seconds): 0.08
	Percent of CPU this job got: 88%
	Elapsed (wall clock) time (h:mm:ss or m:ss): 0:01.16
	Average shared text size (kbytes): 0
	Average unshared data size (kbytes): 0
	Average stack size (kbytes): 0
	Average total size (kbytes): 0
	Maximum resident set size (kbytes): 55368
	Average resident set size (kbytes): 0
	Major (requiring I/O) page faults: 114
	Minor (reclaiming a frame) page faults: 14493
	Voluntary context switches: 2811
	Involuntary context switches: 146
	Swaps: 0
	File system inputs: 48962
	File system outputs: 13
	Socket messages sent: 0
	Socket messages received: 0
	Signals delivered: 0
	Page size (bytes): 4096
	Exit status: 0
