Command exited with non-zero status 1
	Command being timed: "timeout -k 5s 60s /home/igorno/miniconda3/envs/truvari_env/bin/python /scratch/igorno-alignssl_restart_20260922/synthetic_screen_controls_20261007_01/probe_released_screen_controls.py"
	User time (seconds): 0.06
	System time (seconds): 0.09
	Percent of CPU this job got: 50%
	Elapsed (wall clock) time (h:mm:ss or m:ss): 0:00.30
	Average shared text size (kbytes): 0
	Average unshared data size (kbytes): 0
	Average stack size (kbytes): 0
	Average total size (kbytes): 0
	Maximum resident set size (kbytes): 29732
	Average resident set size (kbytes): 0
	Major (requiring I/O) page faults: 272
	Minor (reclaiming a frame) page faults: 3633
	Voluntary context switches: 4950
	Involuntary context switches: 332
	Swaps: 0
	File system inputs: 3277
	File system outputs: 0
	Socket messages sent: 0
	Socket messages received: 0
	Signals delivered: 0
	Page size (bytes): 4096
	Exit status: 1
