	Command being timed: "timeout --foreground -k 5s 120s /home/igorno/miniconda3/envs/truvari_env/bin/python -m pytest -q -p no:cacheprovider --basetemp /scratch/igorno-alignssl_restart_20260922/original-ref-validation-20261008-throughput01/control_fixtures tests/test_check_released_truth_reference_gate.py"
	User time (seconds): 0.42
	System time (seconds): 0.70
	Percent of CPU this job got: 41%
	Elapsed (wall clock) time (h:mm:ss or m:ss): 0:02.74
	Average shared text size (kbytes): 0
	Average unshared data size (kbytes): 0
	Average stack size (kbytes): 0
	Average total size (kbytes): 0
	Maximum resident set size (kbytes): 33400
	Average resident set size (kbytes): 0
	Major (requiring I/O) page faults: 153
	Minor (reclaiming a frame) page faults: 6172
	Voluntary context switches: 57445
	Involuntary context switches: 195
	Swaps: 0
	File system inputs: 26546
	File system outputs: 539
	Socket messages sent: 0
	Socket messages received: 0
	Signals delivered: 0
	Page size (bytes): 4096
	Exit status: 0
