	Command being timed: "timeout --foreground -k 5s 900s /home/igorno/miniconda3/envs/truvari_env/bin/python analysis/check_released_truth_reference_gate.py --truth-path /scratch/igorno-alignssl_restart_20260922/svpg_truth_prepare_20261007_02/prepared/eligible_truth.vcf --reference-path /scratch/igorno-alignssl_restart_20260922/recovery-pilot-v1/hs37d5.fa.gz --fai-path /scratch/igorno-alignssl_restart_20260922/recovery-pilot-v1/hs37d5.fa.gz.fai --native-report-path /scratch/igorno-alignssl_restart_20260922/native-truth-compatibility-20261008-throughput01/native_report.json --protocol-path protocol.json --protocol-sha256 9222f371bd87f364ba9712a9f240032558fd6c461d11b8e5cbd4b5b42654e0e8 --report-path reference_report.json"
	User time (seconds): 103.20
	System time (seconds): 1.66
	Percent of CPU this job got: 99%
	Elapsed (wall clock) time (h:mm:ss or m:ss): 1:45.91
	Average shared text size (kbytes): 0
	Average unshared data size (kbytes): 0
	Average stack size (kbytes): 0
	Average total size (kbytes): 0
	Maximum resident set size (kbytes): 1800968
	Average resident set size (kbytes): 0
	Major (requiring I/O) page faults: 114
	Minor (reclaiming a frame) page faults: 238435
	Voluntary context switches: 6354
	Involuntary context switches: 434
	Swaps: 0
	File system inputs: 3534983
	File system outputs: 16
	Socket messages sent: 0
	Socket messages received: 0
	Signals delivered: 0
	Page size (bytes): 4096
	Exit status: 0
