	Command being timed: "timeout --foreground -k 5s 120s /home/igorno/miniconda3/envs/truvari_env/bin/python -m pytest -q -p no:cacheprovider --basetemp /scratch/igorno-alignssl_restart_20260922/released-caller-preparation-20261008-throughput01/control_fixtures tests/test_prepare_released_callers.py tests/test_prepare_released_callers_rnames.py"
	User time (seconds): 0.83
	System time (seconds): 0.67
	Percent of CPU this job got: 50%
	Elapsed (wall clock) time (h:mm:ss or m:ss): 0:02.98
	Average shared text size (kbytes): 0
	Average unshared data size (kbytes): 0
	Average stack size (kbytes): 0
	Average total size (kbytes): 0
	Maximum resident set size (kbytes): 99636
	Average resident set size (kbytes): 0
	Major (requiring I/O) page faults: 671
	Minor (reclaiming a frame) page faults: 15892
	Voluntary context switches: 52942
	Involuntary context switches: 767
	Swaps: 0
	File system inputs: 28889
	File system outputs: 1170
	Socket messages sent: 0
	Socket messages received: 0
	Signals delivered: 0
	Page size (bytes): 4096
	Exit status: 0
