Command exited with non-zero status 2
	Command being timed: "timeout --foreground -k 5s 600s /home/igorno/miniconda3/envs/truvari_env/bin/python analysis/prepare_released_callers.py --source-path inputs/cutesv.vcf --outdir prepared/cutesv --protocol-path protocols/cutesv.json --protocol-sha256 22993c13479d0091474bec1436632cba7dbcd4c148a0f02da74ab3526ef081c4"
	User time (seconds): 9.07
	System time (seconds): 0.16
	Percent of CPU this job got: 96%
	Elapsed (wall clock) time (h:mm:ss or m:ss): 0:09.53
	Average shared text size (kbytes): 0
	Average unshared data size (kbytes): 0
	Average stack size (kbytes): 0
	Average total size (kbytes): 0
	Maximum resident set size (kbytes): 39004
	Average resident set size (kbytes): 0
	Major (requiring I/O) page faults: 287
	Minor (reclaiming a frame) page faults: 9123
	Voluntary context switches: 6610
	Involuntary context switches: 374
	Swaps: 0
	File system inputs: 242516
	File system outputs: 191124
	Socket messages sent: 0
	Socket messages received: 0
	Signals delivered: 0
	Page size (bytes): 4096
	Exit status: 2
