Command exited with non-zero status 2
	Command being timed: "timeout --signal=KILL 3900s bash run_caller_preparation.sh"
	User time (seconds): 9.92
	System time (seconds): 0.86
	Percent of CPU this job got: 85%
	Elapsed (wall clock) time (h:mm:ss or m:ss): 0:12.56
	Average shared text size (kbytes): 0
	Average unshared data size (kbytes): 0
	Average stack size (kbytes): 0
	Average total size (kbytes): 0
	Maximum resident set size (kbytes): 99636
	Average resident set size (kbytes): 0
	Major (requiring I/O) page faults: 958
	Minor (reclaiming a frame) page faults: 28465
	Voluntary context switches: 59945
	Involuntary context switches: 1142
	Swaps: 0
	File system inputs: 271575
	File system outputs: 192298
	Socket messages sent: 0
	Socket messages received: 0
	Signals delivered: 0
	Page size (bytes): 4096
	Exit status: 2
