Command exited with non-zero status 1
	Command being timed: "timeout --signal=TERM --kill-after=5s 480s bash run_payload.sh"
	User time (seconds): 1.00
	System time (seconds): 1.07
	Percent of CPU this job got: 45%
	Elapsed (wall clock) time (h:mm:ss or m:ss): 0:04.52
	Average shared text size (kbytes): 0
	Average unshared data size (kbytes): 0
	Average stack size (kbytes): 0
	Average total size (kbytes): 0
	Maximum resident set size (kbytes): 55120
	Average resident set size (kbytes): 0
	Major (requiring I/O) page faults: 983
	Minor (reclaiming a frame) page faults: 21716
	Voluntary context switches: 80324
	Involuntary context switches: 1186
	Swaps: 0
	File system inputs: 27698
	File system outputs: 50779
	Socket messages sent: 0
	Socket messages received: 0
	Signals delivered: 0
	Page size (bytes): 4096
	Exit status: 1
