	Command being timed: "timeout --signal=KILL 300s bash run_native_throughput.sh"
	User time (seconds): 3.18
	System time (seconds): 0.89
	Percent of CPU this job got: 68%
	Elapsed (wall clock) time (h:mm:ss or m:ss): 0:05.95
	Average shared text size (kbytes): 0
	Average unshared data size (kbytes): 0
	Average stack size (kbytes): 0
	Average total size (kbytes): 0
	Maximum resident set size (kbytes): 118172
	Average resident set size (kbytes): 0
	Major (requiring I/O) page faults: 1332
	Minor (reclaiming a frame) page faults: 72836
	Voluntary context switches: 57397
	Involuntary context switches: 1476
	Swaps: 0
	File system inputs: 99336
	File system outputs: 68
	Socket messages sent: 0
	Socket messages received: 0
	Signals delivered: 0
	Page size (bytes): 4096
	Exit status: 0
