	Command being timed: "timeout --foreground -k 5s 120s /home/igorno/miniconda3/envs/truvari_env/bin/python analysis/check_released_truth_native.py --truth-path /scratch/igorno-alignssl_restart_20260922/svpg_truth_prepare_20261007_02/prepared/eligible_truth.vcf --protocol-path protocol.json --protocol-sha256 8eaf621e8ccf752417aa0286b2451298e46e17831e6bb85ca0fd4798163c630a --report-path native_report.json"
	User time (seconds): 2.50
	System time (seconds): 0.37
	Percent of CPU this job got: 81%
	Elapsed (wall clock) time (h:mm:ss or m:ss): 0:03.52
	Average shared text size (kbytes): 0
	Average unshared data size (kbytes): 0
	Average stack size (kbytes): 0
	Average total size (kbytes): 0
	Maximum resident set size (kbytes): 118172
	Average resident set size (kbytes): 0
	Major (requiring I/O) page faults: 657
	Minor (reclaiming a frame) page faults: 52289
	Voluntary context switches: 21834
	Involuntary context switches: 733
	Swaps: 0
	File system inputs: 69481
	File system outputs: 6
	Socket messages sent: 0
	Socket messages received: 0
	Signals delivered: 0
	Page size (bytes): 4096
	Exit status: 0
