Command exited with non-zero status 1
	Command being timed: "timeout --signal=TERM --kill-after=5s 120s bash run_payload.sh"
	User time (seconds): 1.10
	System time (seconds): 1.54
	Percent of CPU this job got: 40%
	Elapsed (wall clock) time (h:mm:ss or m:ss): 0:06.48
	Average shared text size (kbytes): 0
	Average unshared data size (kbytes): 0
	Average stack size (kbytes): 0
	Average total size (kbytes): 0
	Maximum resident set size (kbytes): 36624
	Average resident set size (kbytes): 0
	Major (requiring I/O) page faults: 240
	Minor (reclaiming a frame) page faults: 11835
	Voluntary context switches: 137877
	Involuntary context switches: 302
	Swaps: 0
	File system inputs: 15776
	File system outputs: 163
	Socket messages sent: 0
	Socket messages received: 0
	Signals delivered: 0
	Page size (bytes): 4096
	Exit status: 1
